Turbo Assembler	 Version 4.1	    02/16/20 17:17:10	    Page 1
hello_2.asm



      1				     ; This program outputs a message using the	10-th interrupt
      2
      3	0000			     .model tiny
      4	0000			     .code
      5				     org 100h
      6
      7	0100			     Start:
      8	0100  BE 0000r			     mov si, offset Message  ; Address of current character
      9	0103  8A 04			     mov al, [si]	     ; Current character
     10	0105				     MessagePrint_loop:
     11						     ; Writing current character:
     12	0105  B4 0A				     mov ah, 0aH
     13	0107  B7 00				     mov bh, 0
     14	0109  B9 0001				     mov cx, 1
     15	010C  CD 10				     int 10h
     16
     17	010E  46				     inc si
     18	010F  8A 04				     mov al, [si]
     19
     20						     ; Moving cursor:
     21	0111  B4 03				     mov ah, 03h
     22	0113  CD 10				     int 10h
     23	0115  FE C2				     inc dl
     24	0117  B4 02				     mov ah, 02h
     25	0119  CD 10				     int 10h
     26
     27
     28	011B  B9 0000				     mov cx, 0
     29	011E  8A C8				     mov cl, al
     30	0120  80 E9 24				     sub cl, '$'
     31	0123  E0 E0				     loopnz MessagePrint_loop
     32
     33
     34	0125  B8 4C00			     mov ax, 4c00H
     35	0128  CD 21			     int 21h
     36
     37	012A				     .data
     38	0000  48 65 6C 6C 6F 21	24	     Message: db "Hello!$"
     39
     40				     end Start
Turbo Assembler	 Version 4.1	    02/16/20 17:17:10	    Page 2
Symbol Table




Symbol Name			  Type	 Value

??DATE				  Text	 "02/16/20"
??FILENAME			  Text	 "hello_2 "
??TIME				  Text	 "17:17:10"
??VERSION			  Number 040A
@32BIT				  Text	 0
@CODE				  Text	 DGROUP
@CODESIZE			  Text	 0
@CPU				  Text	 0101H
@CURSEG				  Text	 _DATA
@DATA				  Text	 DGROUP
@DATASIZE			  Text	 0
@FILENAME			  Text	 HELLO_2
@INTERFACE			  Text	 000H
@MODEL				  Text	 1
@STACK				  Text	 DGROUP
@WORDSIZE			  Text	 2
MESSAGE				  Near	 DGROUP:0000
MESSAGEPRINT_LOOP		  Near	 DGROUP:0105
START				  Near	 DGROUP:0100

Groups & Segments		  Bit Size Align  Combine Class

DGROUP				  Group
  _DATA				  16  0007 Word	  Public  DATA
  _TEXT				  16  012A Word	  Public  CODE
