Turbo Assembler	 Version 4.1	    02/12/20 01:27:49	    Page 1
video_1.asm



      1	0000			     .model tiny
      2	0000			     .code
      3				     org 100h
      4
      5	0100			     Start:
      6	0100  BA B800			     mov dx, 0b800h		     ; Video memory segment
      7	0103  8E C2			     mov es, dx
      8
      9	0105  BE 0000r			     mov si, offset Text	     ; Text address
     10	0108  BB 07BC			     mov bx, (80d*12d +	30d)*2d	     ; Starting	point
     11	010B  8A 24			     mov ah, [si]		     ; Current character
     12	010D  B1 00			     mov cl, 0
     13	010F				     Print_loop:
     14	010F  26: 88 27				     mov es:[bx], ah	     ; Writing to video	memory
     15	0112  26: C6 47	01 0C			     mov byte ptr es:[bx + 1], 00001100b
     16
     17	0117  46				     inc si
     18	0118  83 C3 02				     add bx, 2
     19
     20	011B  8A 24				     mov ah, [si]	     ; Current character
     21
     22	011D  8A EC				     mov ch, ah
     23	011F  80 ED 24				     sub ch, '$'
     24	0122  E0 EB				     loopnz Print_loop
     25
     26
     27	0124  B4 4C			     mov ah, 4ch
     28	0126  B0 00			     mov al, 00h
     29	0128  CD 21			     int 21h	     ; Exiting
     30
     31	012A			     .data
     32	0000  48 65 6C 6C 6F 20	77+  Text:   db	"Hello world$"
     33	      6F 72 6C 64 24
     34
     35				     end Start
Turbo Assembler	 Version 4.1	    02/12/20 01:27:49	    Page 2
Symbol Table




Symbol Name			  Type	 Value

??DATE				  Text	 "02/12/20"
??FILENAME			  Text	 "video_1 "
??TIME				  Text	 "01:27:49"
??VERSION			  Number 040A
@32BIT				  Text	 0
@CODE				  Text	 DGROUP
@CODESIZE			  Text	 0
@CPU				  Text	 0101H
@CURSEG				  Text	 _DATA
@DATA				  Text	 DGROUP
@DATASIZE			  Text	 0
@FILENAME			  Text	 VIDEO_1
@INTERFACE			  Text	 000H
@MODEL				  Text	 1
@STACK				  Text	 DGROUP
@WORDSIZE			  Text	 2
PRINT_LOOP			  Near	 DGROUP:010F
START				  Near	 DGROUP:0100
TEXT				  Near	 DGROUP:0000

Groups & Segments		  Bit Size Align  Combine Class

DGROUP				  Group
  _DATA				  16  000C Word	  Public  DATA
  _TEXT				  16  012A Word	  Public  CODE
